802df3e0:printf
804c73b4:float_to_unsigned
800043c4:memcpy
80004714:memset
804c6e2c:strlen
8000a580:FileManager__getDungeonFlags
8000a600:FileManager__getSceneflags
8000ada0:FileManager__GetCurrentHealth
8000d390:FileManager__LoadSelectedToFileA
8000dae0:FileManager__copyFileBToCurrent
8000f0a0:FileManager__SaveFileAToSelected
80011360:FileManager__GetCurrentFile
8057825c:FILE_MANAGER
80578260:SAVE_MANAGER
80013af0:SaveManager__initializeWriteSave
8002d530:checkXZDistanceFromLink
80381650:isPlayingHarp
80241c00:ActorLink__setPosRot
805789ec:LINK_PTR
80574ed4:EQUIPPED_SWORD
80054040:FontMgr__GetFont
80054fd0:allocOnCurrentHeap
80069c10:getModelDataFromOarc
800b8fb0:TextManager__setNumericArgs
800b84f0:TextManager__setStringArg
8026dcb0:AcOTBox__initDowsingTarget
802e1120:cM_rndI
805786e8:LYT_MSG_MANAGER
805789a0:GLOBAL_MESSAGE_RELATED_CONTEXT
805754b0:SPECIAL_MINIGAME_STATE
802e2d20:findActorByActorType
80578dd8:GAME_FRAME
80578a10:C_GAME
80578eb8:CORE_CONTROLLER
805799a0:CURRENT_HEAP
8057848c:HEAP_MEM1
80578490:HEAP_MEM2
80676d68:HEAP_LIST
80495eb0:Heap__alloc
80496110:Heap__free
80052250:__ct__Loader
800522c0:Loader__request
802ef590:DVD_Command__waitUntilDone
802f0430:requestFileLoadFromDiskOrDie
802f0460:requestFileLoadFromDisk
80495080:loadToMainRAM
802ef4a0:IsExistPath
803c3d60:DVDOpen
803c3e80:DVDClose
803c40c0:DVDReadPrio
80068440:doSoftResetMaybe
800be400:SceneflagManager__checkFlag
800be470:SceneflagManager__checkFlagGlobal
800be510:SceneflagManager__checkTempOrSceneflag
800be6d0:SceneflagManager__setFlag
800be740:SceneflagManager__setFlagGlobal
800be820:SceneflagManager__setTempOrSceneflag
800bea50:SceneflagManager__unsetFlagGlobal
800bf9d0:FlagManager__getFlagOrCounter
800bfa80:FlagManager__setFlagOrCounter
800bfb00:FlagManager__setFlagTo1
800bfb40:FlagManager__getUncommittedFlags
800c0740:FlagManger__copyAllFromSave
800c0940:ItemflagManager__doCommit
800c09b0:StoryflagManager__doCommit
80142540:checkStoryflagIsSet
80578640:SCENEFLAG_MANAGER
8057865c:STORYFLAG_MANAGER
80578660:ITEMFLAG_MANAGER
80578664:DUNGEONFLAG_MANAGER
805784d4:reload_color_fader
805aab50:STATIC_STORYFLAGS
805ace58:STATIC_ITEMFLAGS
805aced8:STATIC_DUNGEON_FLAGS
8016dd60:getCounterByIndex
8016dd40:increaseCounter
801b3ea0:RoomManager__getRoomByIndex
801bb2c0:Reloader__setReloadTrigger
801bb4d0:Reloader__triggerEntrance
801bb5b0:Reloader__triggerExit
801bb8f0:isCurrentStage
801bbb00:actuallyTriggerEntrance
805789f4:RELOADER_PTR
805789fd:RELOADER_TYPE
805b6b0c:SPAWN_MASTER
805b6ae0:SPAWN_SLAVE
80248cf0:AcItem__spawnItem
80249740:AcItem__giveItem
8024a790:AcItem__setupItemParams
8024a7e0:AcItem__getItemId
802521d0:AcItem__setFlagForItem
802522d0:AcItem__checkItemFlag
80578b30:NUMBER_OF_ITEMS
80576be4:ITEM_GET_BOTTLE_POUCH_SLOT
80252820:getKeyPieceCount
80252c40:getGratitudeCrystalCount
8042e4e0:CharWriter__SetupGX
8042ef60:CharWriter__GetFontWidth
8042efc0:CharWriter__GetFontHeight
8042f430:CharWriter__UpdateVertexColor
8042f580:CharWriter__SetupGXWithColorMapping
804321d0:__ct__TextWriterBase_WChar
80432230:__dt__TextWriterBase_WChar
80432dc0:CalcStringRect_TextWriterBase_WChar
80432ee0:Printf_TextWriterBase_WChar
804332c0:Print_TextWriterBase_WChar
804335c0:PrintMutable_TextWriterBase_WChar
801160b4:lineForInstantText
803b8890:PSMTXIdentity
803b99c0:C_MTXOrtho
803c2ba0:GXSetProjection
803c2ca0:GXLoadPosMtxImm
803c2dc0:GXSetCurrentMtx
cc008000:GX_FIFO
803c1160:GXSetAlphaCompare
803bddf0:GXBegin
803be0e0:GXSetCullMode
803bd330:GXFlush
803bc910:GXSetVtxAttrFmt
803c1860:GXSetBlendMode
803c2f70:GXSetViewport
803c2fc0:GXSetScissor
803bc8d0:GXClearVtxDesc
803bd020:GXInvalidateVtxCache
803c0a20:GXSetNumIndStages
803bc020:GXSetVtxDesc
803c0cf0:GXSetTevOp
803c1230:GXSetTevOrder
803c1390:GXSetNumTevStages
803bf320:GXSetNumChans
803bd280:GXSetNumTexGens
803c18b0:GXSetColorUpdate
803c1900:GXSetAlphaUpdate
803c1950:GXSetZMode
803bf350:GXSetChanCtrl
803c0c90:__GXSetIndirectMask
803bf240:GXSetChanMatColor
