802df060:printf
804c6a64:float_to_unsigned
800043c4:memcpy
80004714:memset
804c9ca4:memmove
804d1e14:swprintf
804d1f98:wcslen
802decd0:Math__approachF
8000a460:FileManager__getDungeonFlags
8000a4e0:FileManager__getSceneflags
8000ac80:FileManager__GetCurrentHealth
8000d9c0:FileManager__copyFileBToCurrent
80011210:FileManager__GetCurrentFile
8000e060:FileManager__SaveFileAToSelected
8000d270:FileManager__LoadSelectedToFileA
80574ffc:FILE_MANAGER
80575000:SAVE_MANAGER
800139a0:SaveManager__initializeWriteSave
8002d3e0:checkXZDistanceFromLink
8005c110:updateCurrentSword
80381120:isPlayingHarp
802416d0:ActorLink__setPosRot
8057578c:LINK_PTR
80571c74:EQUIPPED_SWORD
80053f30:FontMgr__GetFont
80054ec0:allocOnCurrentHeap
80069b30:getModelDataFromOarc
800b8a60:TextManager__setNumericArgs
800b7fa0:TextManager__setStringArg
8026d780:AcOTBox__initDowsingTarget
802e0d20:cM_rndI
80575488:LYT_MSG_MANAGER
80575740:GLOBAL_MESSAGE_RELATED_CONTEXT
80572250:SPECIAL_MINIGAME_STATE
802e2920:findActorByActorType
80575b78:GAME_FRAME
805757b0:C_GAME
80575c58:CORE_CONTROLLER
80576740:CURRENT_HEAP
8057522c:HEAP_MEM1
80575230:HEAP_MEM2
80673ae8:HEAP_LIST
80495560:Heap__alloc
804957c0:Heap__free
80052100:__ct__Loader
80052170:Loader__request
802ef190:DVD_Command__waitUntilDone
802f0030:requestFileLoadFromDiskOrDie
802f0060:requestFileLoadFromDisk
80439890:getAnmTexPatFromBrres
802e6840:AnmTexPatControl__bind
802e6e50:AnmTexPatControl__setFrame
802e75d0:AnmTexPatControl__dtor
802ee0e0:func_0x802ee0e0
804e9a48:RUPEE_ITEM_TO_TEX_FRAME
80599d0c:INPUT_BUFFER
80494730:loadToMainRAM
802ef0a0:IsExistPath
803c3410:DVDOpen
803c3530:DVDClose
803c3770:DVDReadPrio
80068360:doSoftResetMaybe
800bdeb0:SceneflagManager__checkFlag
800bdf20:SceneflagManager__checkFlagGlobal
800bdfc0:SceneflagManager__checkTempOrSceneflag
800be180:SceneflagManager__setFlag
800be1f0:SceneflagManager__setFlagGlobal
800be2d0:SceneflagManager__setTempOrSceneflag
800be500:SceneflagManager__unsetFlagGlobal
800bf480:FlagManager__getFlagOrCounter
800bf530:FlagManager__setFlagOrCounter
800bf5b0:FlagManager__setFlagTo1
800bf5f0:FlagManager__getUncommittedFlags
800c01f0:FlagManger__copyAllFromSave
800c03f0:ItemflagManager__doCommit
800c0460:StoryflagManager__doCommit
80141e90:checkStoryflagIsSet
805753e0:SCENEFLAG_MANAGER
805753fc:STORYFLAG_MANAGER
80575400:ITEMFLAG_MANAGER
80575404:DUNGEONFLAG_MANAGER
80575274:reload_color_fader
805a9ad8:STATIC_STORYFLAGS
805a9bd8:STATIC_ITEMFLAGS
805a9c58:STATIC_DUNGEON_FLAGS
8016d730:getCounterByIndex
8016d710:increaseCounter
801b3970:RoomManager__getRoomByIndex
801bad90:Reloader__setReloadTrigger
801bafa0:Reloader__triggerEntrance
801bb080:Reloader__triggerExit
801bb3c0:isCurrentStage
801bb5d0:actuallyTriggerEntrance
80575794:RELOADER_PTR
8057579d:RELOADER_TYPE
805b388c:SPAWN_MASTER
805b3860:SPAWN_SLAVE
802487c0:AcItem__spawnItem
80249210:AcItem__giveItem
8024a260:AcItem__setupItemParams
8024a2b0:AcItem__getItemId
80251ca0:AcItem__setFlagForItem
80251da0:AcItem__checkItemFlag
80256c30:AcItem__isBabyRattle
805758d0:NUMBER_OF_ITEMS
8057398c:ITEM_GET_BOTTLE_POUCH_SLOT
802522f0:getKeyPieceCount
80252710:getGratitudeCrystalCount
8042db90:CharWriter__SetupGX
8042e610:CharWriter__GetFontWidth
8042e670:CharWriter__GetFontHeight
8042eae0:CharWriter__UpdateVertexColor
8042ec30:CharWriter__SetupGXWithColorMapping
80431880:__ct__TextWriterBase_WChar
804318e0:__dt__TextWriterBase_WChar
80432470:CalcStringRect_TextWriterBase_WChar
80432970:Print_TextWriterBase_WChar
80432590:Printf_TextWriterBase_WChar
80432c70:PrintMutable_TextWriterBase_WChar
80115a04:lineForInstantText
803b7f40:PSMTXIdentity
803b9070:C_MTXOrtho
803c2250:GXSetProjection
803c2350:GXLoadPosMtxImm
803c2470:GXSetCurrentMtx
cc008000:GX_FIFO
803c0810:GXSetAlphaCompare
803bd4a0:GXBegin
803bd790:GXSetCullMode
803bc9e0:GXFlush
803bbfc0:GXSetVtxAttrFmt
803c0f10:GXSetBlendMode
803c2620:GXSetViewport
803c2670:GXSetScissor
803bbf80:GXClearVtxDesc
803bc6d0:GXInvalidateVtxCache
803c00d0:GXSetNumIndStages
803bb6d0:GXSetVtxDesc
803c03a0:GXSetTevOp
803c08e0:GXSetTevOrder
803c0a40:GXSetNumTevStages
803be9d0:GXSetNumChans
803bc930:GXSetNumTexGens
803c0f60:GXSetColorUpdate
803c0fb0:GXSetAlphaUpdate
803c1000:GXSetZMode
803bea00:GXSetChanCtrl
803c0340:__GXSetIndirectMask
803be8f0:GXSetChanMatColor
